###############################################################################
#
# IAR ELF Linker V8.32.3.193/W32 for ARM                  22/Apr/2019  07:59:31
# Copyright 2007-2019 IAR Systems AB.
#
#    Output file  =  
#        E:\UTFPR\9º
#        Período\Embarcados\Projetos\Lab0_V1.0\Lab0FrequencimetroFoto\es_simples\Debug\Exe\es_simples.out
#    Map file     =  
#        E:\UTFPR\9º
#        Período\Embarcados\Projetos\Lab0_V1.0\Lab0FrequencimetroFoto\es_simples\Debug\List\es_simples.map
#    Command line =  
#        -f C:\Users\GABRI_~1\AppData\Local\Temp\EW7238.tmp ("E:\UTFPR\9º
#        Período\Embarcados\Projetos\Lab0_V1.0\Lab0FrequencimetroFoto\driverlib\ewarm\Exe\driverlib.a"
#        "E:\UTFPR\9º
#        Período\Embarcados\Projetos\Lab0_V1.0\Lab0FrequencimetroFoto\es_simples\Debug\Obj\macro_loop.o"
#        "E:\UTFPR\9º
#        Período\Embarcados\Projetos\Lab0_V1.0\Lab0FrequencimetroFoto\es_simples\Debug\Obj\main.o"
#        "E:\UTFPR\9º
#        Período\Embarcados\Projetos\Lab0_V1.0\Lab0FrequencimetroFoto\es_simples\Debug\Obj\Ordenacao.o"
#        "E:\UTFPR\9º
#        Período\Embarcados\Projetos\Lab0_V1.0\Lab0FrequencimetroFoto\es_simples\Debug\Obj\processamento_dados.o"
#        "E:\UTFPR\9º
#        Período\Embarcados\Projetos\Lab0_V1.0\Lab0FrequencimetroFoto\es_simples\Debug\Obj\startup_ewarm.o"
#        --no_out_extension -o "E:\UTFPR\9º
#        Período\Embarcados\Projetos\Lab0_V1.0\Lab0FrequencimetroFoto\es_simples\Debug\Exe\es_simples.out"
#        --map "E:\UTFPR\9º
#        Período\Embarcados\Projetos\Lab0_V1.0\Lab0FrequencimetroFoto\es_simples\Debug\List\es_simples.map"
#        --config "C:\Program Files (x86)\IAR Systems\Embedded Workbench
#        8.2\arm\config\linker\TexasInstruments\TM4C1294NC.icf" --semihosting
#        --entry __iar_program_start --vfe --text_out locale)
#
###############################################################################

*******************************************************************************
*** RUNTIME MODEL ATTRIBUTES
***

CppFlavor       = *
__Heap_Handler  = NoFree
__SystemLibrary = DLib
__dlib_version  = 6


*******************************************************************************
*** HEAP SELECTION
***

The no free heap was selected because no calls to memory
deallocation functions were found in the application.


*******************************************************************************
*** PLACEMENT SUMMARY
***

"A0":  place at 0x0 { ro section .intvec };
"P1":  place in [from 0x0 to 0xf'ffff] { ro };
define block CSTACK with size = 32K, alignment = 8 { };
define block HEAP with size = 64K, alignment = 8 { };
"P2":  place in [from 0x2000'0000 to 0x2003'ffff] {
          rw, block CSTACK, block HEAP };
do not initialize { section .noinit };

  Section          Kind         Address     Size  Object
  -------          ----         -------     ----  ------
"A0":                                      0x200
  .intvec          const            0x0    0x200  startup_ewarm.o [1]
                                - 0x200    0x200

"P1":                                    0x3c274
  .text            ro code        0x200  0x3a98c  macro_loop.o [1]
  .text            ro code     0x3'ab8c    0x2e8  main.o [1]
  .text            ro code     0x3'ae74    0x2b4  sysctl.o [3]
  .text            ro code     0x3'b128     0x48  no_free_heap0.o [2]
  .text            ro code     0x3'b170    0x200  gpio.o [3]
  .text            ro code     0x3'b370     0xb0  uart.o [3]
  .text            ro code     0x3'b420     0x8c  interrupt.o [3]
  .text            ro code     0x3'b4ac     0x40  sprintf.o [2]
  .text            ro code     0x3'b4ec     0x1a  U32ToDbl.o [4]
  .text            ro code     0x3'b506     0x3a  zero_init3.o [5]
  .text            ro code     0x3'b540    0x246  DblDiv.o [4]
  .text            ro code     0x3'b786      0xa  xsprout.o [2]
  .text            ro code     0x3'b790     0x68  DblToFlt.o [4]
  .text            ro code     0x3'b7f8    0x198  processamento_dados.o [1]
  .text            ro code     0x3'b990     0x2c  xgetmemchunk.o [2]
  .text            ro code     0x3'b9bc      0x8  cpu.o [3]
  .text            ro code     0x3'b9c4    0x13e  xprintftiny.o [2]
  .text            ro code     0x3'bb04     0x4c  Ordenacao.o [1]
  .text            ro code     0x3'bb50     0x48  FltToDbl.o [4]
  .text            ro code     0x3'bb98    0x1a2  DblMul.o [4]
  .text            ro code     0x3'bd3c    0x17a  DblAdd.o [4]
  .text            ro code     0x3'beb8    0x102  sqrt.o [4]
  .text            ro code     0x3'bfbc     0x36  strlen.o [5]
  .text            ro code     0x3'bff4     0xd2  DblSub.o [4]
  .rodata          const       0x3'c0c8    0x1b0  sysctl.o [3]
  .rodata          const       0x3'c278     0x90  gpio.o [3]
  .rodata          const       0x3'c308     0x6c  sysctl.o [3]
  .rodata          const       0x3'c374     0x30  sysctl.o [3]
  .text            ro code     0x3'c3a4     0x28  data_init.o [5]
  .iar.init_table  const       0x3'c3cc     0x10  - Linker created -
  .text            ro code     0x3'c3dc     0x20  startup_ewarm.o [1]
  .text            ro code     0x3'c3fc      0xc  cstartup_M.o [5]
  .text            ro code     0x3'c408     0x1e  cmain.o [5]
  .text            ro code     0x3'c426      0x4  low_level_init.o [2]
  .text            ro code     0x3'c42a      0x4  exit.o [2]
  .text            ro code     0x3'c430      0xa  cexit.o [5]
  .text            ro code     0x3'c43c     0x14  exit.o [6]
  .rodata          const       0x3'c450     0x14  main.o [1]
  .rodata          const       0x3'c464     0x10  main.o [1]
  .rodata          const       0x3'c474      0x0  zero_init3.o [5]
                             - 0x3'c474  0x3c274

"P2", part 1 of 2:                           0xc
  .bss             zero     0x2000'0000      0x4  no_free_heap0.o [2]
  .bss             zero     0x2000'0004      0x4  xgetmemchunk.o [2]
  .bss             zero     0x2000'0008      0x1  main.o [1]
                          - 0x2000'0009      0x9

"P2", part 2 of 2:                       0x10104
  .noinit          uninit   0x2000'000c    0x100  startup_ewarm.o [1]
  HEAP                      0x2000'0110  0x10000  <Block>
    HEAP           uninit   0x2000'0110  0x10000  <Block tail>
                          - 0x2001'0110  0x10104

Unused ranges:

         From           To      Size
         ----           --      ----
     0x3'c474     0xf'ffff  0xc'3b8c
  0x2001'0110  0x2003'ffff  0x2'fef0


*******************************************************************************
*** INIT TABLE
***

          Address      Size
          -------      ----
Zero (__iar_zero_init3)
    1 destination range, total size 0x9:
          0x2000'0000   0x9



*******************************************************************************
*** MODULE SUMMARY
***

    Module                 ro code  ro data  rw data
    ------                 -------  -------  -------
command line/config:
    ------------------------------------------------
    Total:

E:\UTFPR\9º Período\Embarcados\Projetos\Lab0_V1.0\Lab0FrequencimetroFoto\es_simples\Debug\Obj: [1]
    Ordenacao.o                 76
    macro_loop.o           240 012
    main.o                     744       36        1
    processamento_dados.o      408
    startup_ewarm.o             32      512      256
    ------------------------------------------------
    Total:                 241 272      548      257

dl7M_tln.a: [2]
    exit.o                       4
    low_level_init.o             4
    no_free_heap0.o             72                 4
    sprintf.o                   64
    xgetmemchunk.o              44                 4
    xprintftiny.o              318
    xsprout.o                   10
    ------------------------------------------------
    Total:                     516                 8

driverlib.a: [3]
    cpu.o                        8
    gpio.o                     512      144
    interrupt.o                140
    sysctl.o                   692      588
    uart.o                     176
    ------------------------------------------------
    Total:                   1 528      732

m7M_tls.a: [4]
    DblAdd.o                   378
    DblDiv.o                   582
    DblMul.o                   418
    DblSub.o                   210
    DblToFlt.o                 104
    FltToDbl.o                  72
    U32ToDbl.o                  26
    sqrt.o                     258
    ------------------------------------------------
    Total:                   2 048

rt7M_tl.a: [5]
    cexit.o                     10
    cmain.o                     30
    cstartup_M.o                12
    data_init.o                 40
    strlen.o                    54
    zero_init3.o                58
    ------------------------------------------------
    Total:                     204

shb_l.a: [6]
    exit.o                      20
    ------------------------------------------------
    Total:                      20

    Gaps                        14        2
    Linker created                       16   65 536
----------------------------------------------------
    Grand Total:           245 602    1 298   65 801


*******************************************************************************
*** ENTRY LIST
***

Entry                       Address     Size  Type      Object
-----                       -------     ----  ----      ------
.iar.init_table$$Base      0x3'c3cc            --   Gb  - Linker created -
.iar.init_table$$Limit     0x3'c3dc            --   Gb  - Linker created -
?main                      0x3'c409           Code  Gb  cmain.o [5]
CPUcpsie                   0x3'b9bd      0x8  Code  Gb  cpu.o [3]
DesvioPadrao               0x3'b8d5     0xb2  Code  Gb  processamento_dados.o [1]
FaultISR                   0x3'c3f7      0x2  Code  Lc  startup_ewarm.o [1]
GPIODirModeSet             0x3'b171     0x28  Code  Gb  gpio.o [3]
GPIOIntEnable              0x3'b2e7      0x6  Code  Gb  gpio.o [3]
GPIOIntTypeSet             0x3'b199     0x4c  Code  Gb  gpio.o [3]
GPIOPadConfigSet           0x3'b1e5    0x102  Code  Gb  gpio.o [3]
GPIOPinConfigure           0x3'b329     0x36  Code  Gb  gpio.o [3]
GPIOPinTypeGPIOInput       0x3'b2f1     0x14  Code  Gb  gpio.o [3]
GPIOPinTypeUART            0x3'b30d     0x14  Code  Gb  gpio.o [3]
HEAP$$Base              0x2000'0110            --   Gb  - Linker created -
HEAP$$Limit             0x2001'0110            --   Gb  - Linker created -
IntDefaultHandler          0x3'c3f9      0x2  Code  Lc  startup_ewarm.o [1]
IntEnable                  0x3'b431     0x46  Code  Gb  interrupt.o [3]
IntMasterEnable            0x3'b421      0x8  Code  Gb  interrupt.o [3]
Media                      0x3'b7f9     0x24  Code  Gb  processamento_dados.o [1]
Mediana                    0x3'b81d     0x44  Code  Gb  processamento_dados.o [1]
Moda                       0x3'b861     0x72  Code  Gb  processamento_dados.o [1]
NMISR                      0x3'c3f5      0x2  Code  Lc  startup_ewarm.o [1]
PortJIntHandler            0x3'ae17     0x14  Code  Gb  main.o [1]
Region$$Table$$Base        0x3'c3cc            --   Gb  - Linker created -
Region$$Table$$Limit       0x3'c3dc            --   Gb  - Linker created -
ResetISR                   0x3'c3dd     0x12  Code  Gb  startup_ewarm.o [1]
SysCtlClockFreqSet         0x3'aedd    0x20a  Code  Gb  sysctl.o [3]
SysCtlDelay                0x3'aed5      0x8  Code  Gb  sysctl.o [3]
SysCtlPeripheralEnable     0x3'aeb7      0x8  Code  Gb  sysctl.o [3]
SysCtlPeripheralReady      0x3'ae95      0x8  Code  Gb  sysctl.o [3]
UARTCharPut                0x3'b411     0x10  Code  Gb  uart.o [3]
UARTConfigSetExpClk        0x3'b371     0x5c  Code  Gb  uart.o [3]
UARTDisable                0x3'b3e7     0x22  Code  Gb  uart.o [3]
UARTEnable                 0x3'b3cd     0x1a  Code  Gb  uart.o [3]
_PrintfTiny                0x3'b9dd    0x126  Code  Gb  xprintftiny.o [2]
_SProut                    0x3'b787      0xa  Code  Gb  xsprout.o [2]
_SysCtlMemTimingGet        0x3'ae75     0x20  Code  Lc  sysctl.o [3]
__aeabi_d2f                0x3'b791           Code  Gb  DblToFlt.o [4]
__aeabi_dadd               0x3'bd3d           Code  Gb  DblAdd.o [4]
__aeabi_ddiv               0x3'b541           Code  Gb  DblDiv.o [4]
__aeabi_dmul               0x3'bb99           Code  Gb  DblMul.o [4]
__aeabi_f2d                0x3'bb51           Code  Gb  FltToDbl.o [4]
__aeabi_ui2d               0x3'b4ed           Code  Gb  U32ToDbl.o [4]
__cmain                    0x3'c409           Code  Gb  cmain.o [5]
__data_GetMemChunk         0x3'b991     0x2c  Code  Gb  xgetmemchunk.o [2]
__data_GetMemChunk::start
                        0x2000'0004      0x4  Data  Lc  xgetmemchunk.o [2]
__exit                     0x3'c43d     0x14  Code  Gb  exit.o [6]
__iar_dadd                 0x3'bff5           Code  Gb  DblSub.o [4]
__iar_data_init3           0x3'c3a5     0x28  Code  Gb  data_init.o [5]
__iar_dsub                 0x3'bd4d           Code  Gb  DblAdd.o [4]
__iar_dsubStart            0x3'bd5f           Code  Gb  DblAdd.o [4]
__iar_init_vfp             0x3'c3fb      0x2  Code  Gb  startup_ewarm.o [1]
__iar_program_start        0x3'c3fd           Code  Gb  cstartup_M.o [5]
__iar_sqrt64               0x3'bec9           Code  Gb  sqrt.o [4]
__iar_vfp___iar_sqrt64     0x3'beb9           Code  Gb  sqrt.o [4]
__iar_vfp_sqrt             0x3'beb9           Code  Gb  sqrt.o [4]
__iar_vfp_sqrtl            0x3'beb9           Code  Gb  sqrt.o [4]
__iar_zero_init3           0x3'b507     0x3a  Code  Gb  zero_init3.o [5]
__low_level_init           0x3'c427      0x4  Code  Gb  low_level_init.o [2]
__no_free_malloc           0x3'b129     0x44  Code  Gb  no_free_heap0.o [2]
__vector_table                  0x0    0x200  Data  Gb  startup_ewarm.o [1]
_call_main                 0x3'c415           Code  Gb  cmain.o [5]
_exit                      0x3'c431           Code  Gb  cexit.o [5]
_main                      0x3'c423           Code  Gb  cmain.o [5]
escala                  0x2000'0008      0x1  Data  Gb  main.o [1]
exit                       0x3'c42b      0x4  Code  Gb  exit.o [2]
g_pppui32XTALtoVCO         0x3'c0c8    0x1b0  Data  Lc  sysctl.o [3]
g_pui32EnRegs              0x3'b498     0x14  Data  Lc  interrupt.o [3]
g_pui32GPIOBaseAddrs       0x3'c278     0x90  Data  Lc  gpio.o [3]
g_pui32VCOFrequencies      0x3'b120      0x8  Data  Lc  sysctl.o [3]
g_pui32Xtals               0x3'c308     0x6c  Data  Lc  sysctl.o [3]
g_sXTALtoMEMTIM            0x3'c374     0x30  Data  Lc  sysctl.o [3]
getBordas                  0x3'ad85     0x2a  Code  Gb  main.o [1]
insertionSort              0x3'bb05     0x4c  Code  Gb  Ordenacao.o [1]
main                       0x3'ab8d    0x1f8  Code  Gb  main.o [1]
n_loop                        0x201  0x3a98c  Code  Gb  macro_loop.o [1]
out                        0x3'b9c5     0x18  Code  Lc  xprintftiny.o [2]
printFrequencia            0x3'adb1     0x4e  Code  Gb  main.o [1]
pui32Stack              0x2000'000c    0x100  Data  Lc  startup_ewarm.o [1]
qs                      0x2000'0000      0x4  Data  Lc  no_free_heap0.o [2]
sprintf                    0x3'b4ad     0x40  Code  Gb  sprintf.o [2]
sqrt                       0x3'bec9           Code  Gb  sqrt.o [4]
sqrtl                      0x3'bec9           Code  Gb  sqrt.o [4]
strlen                     0x3'bfbd           Code  Gb  strlen.o [5]
uart_puts                  0x3'adff     0x18  Code  Gb  main.o [1]


[1] = E:\UTFPR\9º Período\Embarcados\Projetos\Lab0_V1.0\Lab0FrequencimetroFoto\es_simples\Debug\Obj
[2] = dl7M_tln.a
[3] = driverlib.a
[4] = m7M_tls.a
[5] = rt7M_tl.a
[6] = shb_l.a

  245 602 bytes of readonly  code memory
    1 298 bytes of readonly  data memory
   65 801 bytes of readwrite data memory

Errors: none
Warnings: none
